// Jest Snapshot v1, https://goo.gl/fbAQLP

exports[`should render green MetricPane as expected 1`] = `"<div class=\\"css-nil 📦b-top_1px-solid-E4E7EB 📦b-rgt_1px-solid-E4E7EB 📦b-btm_1px-solid-E4E7EB 📦b-lft_1px-solid-E4E7EB 📦bs_kymczs 📦bg_q368mw 📦b-btm-clr_black 📦b-lft-clr_black 📦b-rgt-clr_black 📦b-top-clr_black 📦flt_left 📦w_120px 📦h_120px 📦mb_24px 📦ml_24px 📦mr_24px 📦mt_24px 📦dspl_flex 📦flx-drct_column 📦algn-itms_center 📦just-cnt_center 📦box-szg_border-box\\"><div class=\\"metricInfo\\"><span class=\\"📦color_black 📦fnt-fam_b77syt 📦fnt-sze_14px 📦f-wght_400 📦ln-ht_20px 📦ltr-spc_-0-05px 📦box-szg_border-box\\">greenPane</span><span class=\\"📦color_black 📦fnt-fam_b77syt 📦fnt-sze_14px 📦f-wght_400 📦ln-ht_20px 📦ltr-spc_-0-05px 📦box-szg_border-box\\">test</span></div></div>"`;

exports[`should render orange MetricPane as expected 1`] = `"<div class=\\"css-nil 📦b-top_1px-solid-E4E7EB 📦b-rgt_1px-solid-E4E7EB 📦b-btm_1px-solid-E4E7EB 📦b-lft_1px-solid-E4E7EB 📦bs_kymczs 📦bg_1275103 📦b-btm-clr_black 📦b-lft-clr_black 📦b-rgt-clr_black 📦b-top-clr_black 📦flt_left 📦w_120px 📦h_120px 📦mb_24px 📦ml_24px 📦mr_24px 📦mt_24px 📦dspl_flex 📦flx-drct_column 📦algn-itms_center 📦just-cnt_center 📦box-szg_border-box\\"><div class=\\"metricInfo\\"><span class=\\"📦color_black 📦fnt-fam_b77syt 📦fnt-sze_14px 📦f-wght_400 📦ln-ht_20px 📦ltr-spc_-0-05px 📦box-szg_border-box\\">orangePane</span><span class=\\"📦color_black 📦fnt-fam_b77syt 📦fnt-sze_14px 📦f-wght_400 📦ln-ht_20px 📦ltr-spc_-0-05px 📦box-szg_border-box\\">test</span></div></div>"`;

exports[`should render red MetricPane as expected 1`] = `"<div class=\\"css-nil 📦b-top_1px-solid-E4E7EB 📦b-rgt_1px-solid-E4E7EB 📦b-btm_1px-solid-E4E7EB 📦b-lft_1px-solid-E4E7EB 📦bs_kymczs 📦bg_6xs4tx 📦b-btm-clr_black 📦b-lft-clr_black 📦b-rgt-clr_black 📦b-top-clr_black 📦flt_left 📦w_120px 📦h_120px 📦mb_24px 📦ml_24px 📦mr_24px 📦mt_24px 📦dspl_flex 📦flx-drct_column 📦algn-itms_center 📦just-cnt_center 📦box-szg_border-box\\"><div class=\\"metricInfo\\"><span class=\\"📦color_black 📦fnt-fam_b77syt 📦fnt-sze_14px 📦f-wght_400 📦ln-ht_20px 📦ltr-spc_-0-05px 📦box-szg_border-box\\">redPane</span><span class=\\"📦color_black 📦fnt-fam_b77syt 📦fnt-sze_14px 📦f-wght_400 📦ln-ht_20px 📦ltr-spc_-0-05px 📦box-szg_border-box\\">test</span></div></div>"`;
